// Jest Snapshot v1, https://goo.gl/fbAQLP

exports[`render component correctly matches snapshot 1`] = `
<div
  className="Layout__PageWrapperStyle-sc-__vvwp4-2 cIxXxY"
>
  <div
    className="Layout__PageHeaderStyle-sc-__vvwp4-3 fTQTWs"
  >
    <p
      className="Layout__PageHeaderTitleStyle-sc-__vvwp4-4 bsYElC"
    />
    <div
      className="Layout__PageHeaderActionsStyle-sc-__vvwp4-5 jWaeiA"
    >
      <i
        className="ion-funnel"
      />
      <div
        className="Button__ButtonsGroupStyle-sc-__sc-43qggg-2 cxUzXE"
      >
        <button
          className="Button__ButtonStyle-sc-__sc-43qggg-0 iMcHln"
          data-filter="paid"
          onClick={[Function]}
        />
        <button
          className="Button__ButtonStyle-sc-__sc-43qggg-0 iMcHln"
          data-filter="pending"
          onClick={[Function]}
        />
        <button
          className="Button__ButtonStyle-sc-__sc-43qggg-0 iMcHln"
          data-filter="refunded"
          onClick={[Function]}
        />
        <button
          className="Button__ButtonStyle-sc-__sc-43qggg-0 iMcHln"
          data-filter="cancelled"
          onClick={[Function]}
        />
      </div>
    </div>
  </div>
  <div
    className="Layout__PageContentStyle-sc-__vvwp4-6 eMPpYo"
  >
    <div
      className="row"
    >
      <div
        className="invoice"
      />
      <div
        className="invoice"
      />
      <div
        className="invoice"
      />
      <div
        className="invoice"
      />
    </div>
  </div>
</div>
`;
