// Jest Snapshot v1, https://goo.gl/fbAQLP

exports[`Renders correctly to the DOM matches snapshot 1`] = `
<tr
  className="Table__TRStyle-sc-__sc-16w1cj4-4 cTdZeT"
>
  <td
    className="Table__TDStyle-sc-__sc-16w1cj4-5 isVybG"
  >
    Jon Snow
  </td>
  <td
    className="Table__TDStyle-sc-__sc-16w1cj4-5 cMVZYf"
  >
    jon@snow.hbo
  </td>
  <td
    className="Table__TDStyle-sc-__sc-16w1cj4-5 cMVZYf"
  >
    000-000-000
  </td>
  <td
    className="Table__TDStyle-sc-__sc-16w1cj4-5 hNXPFe"
  >
    <button
      className="Button__ButtonLinkStyle-sc-__sc-43qggg-1 jGwtLS"
      onClick={[Function]}
    >
      <i
        className="ion-plus-round"
      />
    </button>
    <button
      className="Button__ButtonLinkStyle-sc-__sc-43qggg-1 ikycnx"
      onClick={[Function]}
    >
      <i
        className="ion-close-circled"
      />
    </button>
  </td>
</tr>
`;
