// Jest Snapshot v1, https://goo.gl/fbAQLP

exports[`Renders correctly to the DOM matches snapshot 1`] = `
<div
  className="Section__SectionStyle-sc-__sc-1hpldeo-0 cmqgYd"
>
  <div
    className="Discount__DiscountWrapper-sc-__sc-1ojjrcx-0 csMjmt"
  >
    <label
      className="itemLabel"
    />
    <div
      className="Discount__DiscountContent-sc-__sc-1ojjrcx-1 hlzOhC"
    >
      <div
        className="Discount__DiscountAmount-sc-__sc-1ojjrcx-2 kaNdlH"
      >
        <input
          name="amount"
          onChange={[Function]}
          type="number"
          value={100}
        />
      </div>
      <div
        className="Discount__DiscountType-sc-__sc-1ojjrcx-3 kyemFC"
      >
        <div
          className="radio"
        >
          <label>
            <input
              checked={false}
              name="type"
              onChange={[Function]}
              type="radio"
              value="percentage"
            />
          </label>
        </div>
        <div
          className="radio"
        >
          <label>
            <input
              checked={true}
              name="type"
              onChange={[Function]}
              type="radio"
              value="flat"
            />
          </label>
        </div>
      </div>
    </div>
  </div>
</div>
`;
