// Jest Snapshot v1, https://goo.gl/fbAQLP

exports[`Note component matches snapshot 1`] = `
<div
  className="Section__SectionStyle-sc-__sc-1hpldeo-0 cmqgYd"
>
  <div
    className="ItemsList__ItemsListWrapper-sc-__sc-1ip5keg-0 dIjlSt"
  >
    <div
      className="ItemsList__ItemsListHeader-sc-__sc-1ip5keg-1 icXuyq"
    >
      <label
        className="itemLabel"
      >
         *
      </label>
    </div>
    <div
      className="ItemsList__ItemsListDiv-sc-__sc-1ip5keg-3 WjKJl"
    >
      <div />
    </div>
    <div
      className="itemsListActions"
    >
      <button
        className="Button__ButtonStyle-sc-__sc-43qggg-0 gMwsND ItemsList__ItemsListActionsBtn-sc-__sc-1ip5keg-2 cIymxF"
        onClick={
          [MockFunction] {
            "calls": Array [
              Array [],
              Array [],
              Array [],
              Array [],
              Array [],
            ],
            "results": Array [
              Object {
                "type": "return",
                "value": undefined,
              },
              Object {
                "type": "return",
                "value": undefined,
              },
              Object {
                "type": "return",
                "value": undefined,
              },
              Object {
                "type": "return",
                "value": undefined,
              },
              Object {
                "type": "return",
                "value": undefined,
              },
            ],
          }
        }
      />
    </div>
  </div>
</div>
`;
