// Jest Snapshot v1, https://goo.gl/fbAQLP

exports[`Note component matches snapshot 1`] = `
<div
  className="Section__SectionStyle-sc-__sc-1hpldeo-0 cmqgYd"
>
  <label
    className="itemLabel"
  />
  <textarea
    className="Note__NoteContent-sc-__h2r0o-0 boWJnx"
    cols="50"
    onChange={[Function]}
    rows="4"
    value="something"
  />
</div>
`;
