// Jest Snapshot v1, https://goo.gl/fbAQLP

exports[`Renders correctly to the DOM matches snapshot 1`] = `
<div
  className="col-lg-6"
>
  <div
    className="Invoice__Wrapper-sc-__sc-1l0yg49-0 jRwrmg"
  >
    <div
      className="Invoice__StatusBar-sc-__sc-1l0yg49-2 jkBjSD"
    />
    <div
      className="Invoice__Header-sc-__sc-1l0yg49-1 kvQNRY"
    >
      <div
        className="Invoice__Status-sc-__sc-1l0yg49-3 fmGZyC"
      >
        <span>
          <i
            className="ion-loop"
          />
          Pending
        </span>
      </div>
      <div
        className="Invoice__ButtonsGroup-sc-__sc-1l0yg49-4 eGUMKJ"
      >
        <button
          className="Button__ButtonLinkStyle-sc-__sc-43qggg-1 iaiWDU"
          onClick={[Function]}
        >
          <i
            className="ion-ios-copy"
          />
        </button>
        <button
          className="Button__ButtonLinkStyle-sc-__sc-43qggg-1 iaiWDU"
          onClick={[Function]}
        >
          <i
            className="ion-trash-a"
          />
        </button>
      </div>
    </div>
    <div
      className="Invoice__Body-sc-__sc-1l0yg49-5 vZBtw"
    >
      <div
        className="Invoice__Row-sc-__sc-1l0yg49-7 bvqEOO"
      >
        <div
          className="Invoice__Field-sc-__sc-1l0yg49-8 aaQuD"
        >
          <label>
            Pending
          </label>
          <h2>
            Penelope Hettinger
          </h2>
        </div>
      </div>
      <div
        className="Invoice__Row-sc-__sc-1l0yg49-7 bvqEOO"
      >
        <div
          className="Invoice__Field-sc-__sc-1l0yg49-8 aaQuD"
        >
          <label>
            Pending
          </label>
          <p>
            37b2804e
          </p>
        </div>
        <div
          className="Invoice__Field-sc-__sc-1l0yg49-8 aaQuD"
        >
          <label>
            Pending
          </label>
          <p>
             
            3 843
             
            USD
          </p>
        </div>
      </div>
      <div
        className="Invoice__Row-sc-__sc-1l0yg49-7 bvqEOO"
      >
        <div
          className="Invoice__Field-sc-__sc-1l0yg49-8 aaQuD"
        >
          <label>
            Pending
          </label>
          <p>
            12/31/69
          </p>
        </div>
        <div
          className="Invoice__Field-sc-__sc-1l0yg49-8 aaQuD"
        >
          <label>
            Pending
          </label>
          <p />
        </div>
      </div>
    </div>
    <div
      className="Invoice__Footer-sc-__sc-1l0yg49-6 hbsOTt"
    >
      <div>
        <div
          className="SplitButton__Wrapper-sc-__py44fa-0 hrSgYZ"
        >
          <div
            className="SplitButton__ButtonsGroup-sc-__py44fa-1 enzDEk"
          >
            <a
              href="#"
              onClick={[Function]}
            >
              Pending
            </a>
            <a
              href="#"
              onClick={[Function]}
            >
              <i
                className="ion-arrow-down-b"
              />
            </a>
          </div>
        </div>
      </div>
      <button
        className="Button__ButtonStyle-sc-__sc-43qggg-0 iMcHln"
        onClick={[Function]}
      >
        Pending
      </button>
      <button
        className="Button__ButtonStyle-sc-__sc-43qggg-0 iMcHln"
        onClick={[Function]}
      >
        Pending
      </button>
    </div>
  </div>
</div>
`;
